[15-Oct-2014 06:01:37 UTC] PHP Warning:  include(): http:// wrapper is disabled in the server configuration by allow_url_include=0 in /home/orchardc/public_html/quickstart/test/test_include_path.php on line 9
[15-Oct-2014 06:01:37 UTC] PHP Warning:  include(http://orchardcity.ca/invoices/untitled.php): failed to open stream: no suitable wrapper could be found in /home/orchardc/public_html/quickstart/test/test_include_path.php on line 9
[15-Oct-2014 06:01:37 UTC] PHP Warning:  include(): Failed opening 'http://orchardcity.ca/invoices/untitled.php' for inclusion (include_path='.:/usr/lib/php:/usr/local/lib/php') in /home/orchardc/public_html/quickstart/test/test_include_path.php on line 9
